// Jest Snapshot v1, https://goo.gl/fbAQLP

exports[`All stacks default 1`] = `
{
  "Parameters": {
    "BootstrapVersion": {
      "Default": "/cdk-bootstrap/hnb659fds/version",
      "Description": "Version of the CDK Bootstrap resources in this environment, automatically retrieved from SSM Parameter Store. [cdk:skip]",
      "Type": "AWS::SSM::Parameter::Value<String>",
    },
  },
  "Resources": {
    "AesrConfigBucket62E33CAE": {
      "DeletionPolicy": "Retain",
      "Properties": {
        "BucketName": "aesr-test-config-provider-000011112222",
      },
      "Type": "AWS::S3::Bucket",
      "UpdateReplacePolicy": "Retain",
    },
    "AesrConfigBucketPolicy8A028DBC": {
      "Properties": {
        "Bucket": {
          "Ref": "AesrConfigBucket62E33CAE",
        },
        "PolicyDocument": {
          "Statement": [
            {
              "Action": "s3:GetObject",
              "Effect": "Allow",
              "Principal": {
                "AWS": {
                  "Fn::GetAtt": [
                    "ConfigProviderLambdaExecutionRole707DC047",
                    "Arn",
                  ],
                },
              },
              "Resource": {
                "Fn::Join": [
                  "",
                  [
                    {
                      "Fn::GetAtt": [
                        "AesrConfigBucket62E33CAE",
                        "Arn",
                      ],
                    },
                    "/*",
                  ],
                ],
              },
            },
          ],
          "Version": "2012-10-17",
        },
      },
      "Type": "AWS::S3::BucketPolicy",
    },
    "ConfigProviderLambda3FAD5AEB": {
      "DependsOn": [
        "ConfigProviderLambdaExecutionRoleDefaultPolicy8DD8598B",
        "ConfigProviderLambdaExecutionRole707DC047",
      ],
      "Properties": {
        "Code": {
          "S3Bucket": {
            "Fn::Sub": "cdk-hnb659fds-assets-\${AWS::AccountId}-\${AWS::Region}",
          },
          "S3Key": "463d3a7b236c2382c30cc8f383c66f9934e8c938c4df69a2748f3b291854789b.zip",
        },
        "Environment": {
          "Variables": {
            "AWS_NODEJS_CONNECTION_REUSE_ENABLED": "1",
            "CONFIG_BUCKET_NAME": "aesr-test-config-provider-000011112222",
          },
        },
        "FunctionName": "aesr-test-config-proivder",
        "Handler": "index.handler",
        "MemorySize": 128,
        "Role": {
          "Fn::GetAtt": [
            "ConfigProviderLambdaExecutionRole707DC047",
            "Arn",
          ],
        },
        "Runtime": "nodejs18.x",
        "Timeout": 10,
      },
      "Type": "AWS::Lambda::Function",
    },
    "ConfigProviderLambdaExecutionRole707DC047": {
      "Properties": {
        "AssumeRolePolicyDocument": {
          "Statement": [
            {
              "Action": "sts:AssumeRole",
              "Effect": "Allow",
              "Principal": {
                "Service": "lambda.amazonaws.com",
              },
            },
          ],
          "Version": "2012-10-17",
        },
        "ManagedPolicyArns": [
          {
            "Fn::Join": [
              "",
              [
                "arn:",
                {
                  "Ref": "AWS::Partition",
                },
                ":iam::aws:policy/service-role/AWSLambdaBasicExecutionRole",
              ],
            ],
          },
        ],
        "RoleName": "aesr-test-config-proivder-LambdaExecutionRole",
      },
      "Type": "AWS::IAM::Role",
    },
    "ConfigProviderLambdaExecutionRoleDefaultPolicy8DD8598B": {
      "Properties": {
        "PolicyDocument": {
          "Statement": [
            {
              "Action": [
                "logs:CreateLogStream",
                "logs:PutLogEvents",
              ],
              "Effect": "Allow",
              "Resource": {
                "Fn::GetAtt": [
                  "ConfigProviderLogGroup298AC8F1",
                  "Arn",
                ],
              },
            },
          ],
          "Version": "2012-10-17",
        },
        "PolicyName": "ConfigProviderLambdaExecutionRoleDefaultPolicy8DD8598B",
        "Roles": [
          {
            "Ref": "ConfigProviderLambdaExecutionRole707DC047",
          },
        ],
      },
      "Type": "AWS::IAM::Policy",
    },
    "ConfigProviderLogGroup298AC8F1": {
      "DeletionPolicy": "Retain",
      "Properties": {
        "LogGroupName": "/aws/lambda/aesr-test-config-proivder",
        "RetentionInDays": 731,
      },
      "Type": "AWS::Logs::LogGroup",
      "UpdateReplacePolicy": "Retain",
    },
  },
  "Rules": {
    "CheckBootstrapVersion": {
      "Assertions": [
        {
          "Assert": {
            "Fn::Not": [
              {
                "Fn::Contains": [
                  [
                    "1",
                    "2",
                    "3",
                    "4",
                    "5",
                  ],
                  {
                    "Ref": "BootstrapVersion",
                  },
                ],
              },
            ],
          },
          "AssertDescription": "CDK bootstrap stack version 6 required. Please run 'cdk bootstrap' with a recent version of the CDK CLI.",
        },
      ],
    },
  },
}
`;
